// Jest Snapshot v1, https://goo.gl/fbAQLP

exports[`Vista: HomeView -> Componente: ListPlants Deber√≠a ser igual a su Snapshot 1`] = `
<div>
  <h1
    class="title font-bold text-xl mb-4"
  >
    
    Mis plantas:
  
  </h1>
   
  <ul
    class="list flex items-center overflow-x-scroll py-4"
  >
    <li
      class="mr-5"
    >
      <button
        class="flex justify-center rounded-lg border border-red-main-400 text-3xl w-12 h-12 bg-green-600 text-white"
        data-test-id="add-button"
      >
        
        +
      
      </button>
    </li>
     
  </ul>
</div>
`;
