// Jest Snapshot v1, https://goo.gl/fbAQLP

exports[`Test Home View Deber√≠a ser igual a su Snapshot 1`] = `
<div
  class="home"
>
  <listplants-stub
    plants=""
  />
</div>
`;
